Extra Information
Column A	Column B
1.100000	4.400000
2.200000	5.500000
3.300000	6.600000
